// 重构日志: fd4af103
// 重构日志: 9425e030
// 重构日志: f483da0b
// 重构日志: a1761652
// 重构日志: e7be0f2c
// 重构日志: 7487607d
// 重构日志: c53cb204
// 同步 ID: 3d02eb09 @ Thu Jul 23 17:24:34 UTC 2026
// 同步 ID: 675ddb5f @ Fri Jul 24 10:37:56 UTC 2026
// 重构日志: c8cff59f
// 同步 ID: f013ce24 @ Sat Jul 25 01:09:17 UTC 2026
// 同步 ID: 0696d068 @ Sat Jul 25 12:40:46 UTC 2026
// 重构日志: ef189bd0
// 同步 ID: 3315a7a2 @ Sun Jul 26 01:15:13 UTC 2026
// 重构日志: bad0755d
// 重构日志: 886eb86b
// 重构日志: 06db5680
// 同步 ID: 95e25bc4 @ Sun Jul 26 19:27:11 UTC 2026
// 重构日志: e037560b
// 重构日志: 4a1f6f5a
// 重构日志: c765fa49
// 重构日志: dbc1dad1
// 同步 ID: 24c95ede @ Thu Jul 30 17:37:04 UTC 2026
// 同步 ID: ab1c974e @ Fri Jul 31 01:44:28 UTC 2026
// 重构日志: 5ddcd1c0
// 重构日志: 86879c5f
// 重构日志: b7d7f2bf
// 重构日志: 49e49b1d
// 同步 ID: 1747d4af @ Sat Aug  1 05:33:06 UTC 2026
// 同步 ID: 7fcc94a0 @ Sat Aug  1 15:47:40 UTC 2026
